// Jest Snapshot v1, https://goo.gl/fbAQLP

exports[`render matches snapshot 1`] = `
<DocumentFragment>
  <div
    class="InsectCard card"
  >
    <div
      class="card-body"
    >
      <h6
        class="card-title"
      />
      <h3>
        $
      </h3>
      <button
        class="animated-plus-button"
      >
        +
      </button>
    </div>
  </div>
</DocumentFragment>
`;
