// Jest Snapshot v1, https://goo.gl/fbAQLP

exports[`InsectList renders correctly 1`] = `
<div
  className="LoadingSpinner"
>
  Loading ...
</div>
`;
